// Jest Snapshot v1, https://goo.gl/fbAQLP

exports[`Icon should render a large icon 1`] = `
<div>
  <div
    class="cds-icon__svg--default"
    style="width: 32px;"
  >
    <svg
      fill="none"
      role="img"
      viewBox="0 0 16 16"
      width="100%"
      xmlns="http://www.w3.org/2000/svg"
    >
      <title>
        Skippy
      </title>
      <path
        d="M4.37819 2.25418C4.25773 2.41851 4.17169 2.60014 4.12867 2.80079C4.06844 2.99972 4.06844 3.20729 4.12006 3.42525C4.16308 3.63282 4.25773 3.82309 4.37819 3.9978C4.50725 4.17078 4.66212 4.30051 4.86174 4.4216C5.05103 4.53403 5.24892 4.60323 5.47435 4.65512C5.70667 4.69836 5.9321 4.69836 6.17301 4.66377C6.39672 4.61187 6.61354 4.54268 6.81144 4.4216C6.99213 4.30916 7.1556 4.17078 7.28639 3.9978C7.41545 3.83347 7.49289 3.6432 7.53591 3.45119C7.58753 3.25227 7.59614 3.04469 7.54451 2.83539C7.50149 2.61917 7.41545 2.42889 7.28639 2.25418C7.15732 2.08986 6.99385 1.95147 6.80283 1.83039C6.61354 1.71795 6.41565 1.64011 6.19022 1.58822C5.95791 1.54497 5.72387 1.54497 5.49156 1.58822C5.25925 1.62281 5.05103 1.7093 4.85313 1.82174C4.66384 1.93244 4.50725 2.08121 4.37819 2.25418ZM4.28354 7.99013L4.03402 8.36204C4.22331 8.19771 4.5778 7.98149 5.07684 7.71164C5.4124 7.53001 6.23152 7.09584 7.53419 6.42987C8.51678 5.91786 9.32729 5.15675 9.95711 4.14137C10.1636 3.81272 10.3443 3.47368 10.4923 3.11907C10.5783 2.9115 10.6472 2.72987 10.6902 2.58111C10.7074 2.52057 10.716 2.40813 10.716 2.26975C10.7246 2.11407 10.716 1.95839 10.6988 1.83731C10.6816 1.68163 10.6558 1.57784 10.6127 1.52595C10.5611 1.47405 10.5009 1.5 10.4407 1.60379C9.98293 2.23689 9.44087 2.83366 8.80244 3.38027C8.12099 3.95283 7.37071 4.44582 6.54299 4.87134C5.50877 5.38336 4.66384 5.91959 3.9996 6.47485C3.34397 7.01281 2.73996 7.67877 2.18069 8.46755C2.11185 8.57134 2.05162 8.70972 2 8.9C2.08604 8.83946 2.18929 8.82216 2.31835 8.83946L2.12046 9.23731L2.43881 8.97784C2.54206 8.89135 2.63671 8.83081 2.73135 8.80486L2.65391 9.08163C2.86041 8.87405 3.13747 8.67513 3.45582 8.46582L3.34397 8.74259C3.49024 8.59556 3.63651 8.46582 3.78278 8.36204L4.28354 7.99013ZM6.69786 7.14081C6.3537 7.33974 6.04223 7.55596 5.7669 7.79986C5.25753 8.24268 4.83593 8.80486 4.50037 9.4812C4.1648 10.097 3.90496 10.8668 3.69846 11.7957C3.60381 12.2385 3.54358 12.6536 3.52638 13.0515L3.75008 12.7401C3.68125 13.1553 3.63823 13.6154 3.62963 14.1101C3.73287 13.9285 3.80171 13.8074 3.85333 13.7382L3.82752 14.9335L4.31968 13.7382C4.35409 13.842 4.37991 13.9544 4.41432 14.0841C4.71547 13.3819 4.97531 12.8024 5.20763 12.3423C5.43994 11.8493 5.68257 11.4151 5.91489 11.0432C6.13859 10.6713 6.39844 10.3063 6.67377 9.96035C6.92329 9.64899 7.24337 9.27536 7.63055 8.86886C7.69939 8.77372 8.1055 8.5921 8.13131 8.58345C8.3034 8.52291 8.5185 8.45372 8.79555 8.38452C8.92462 8.34993 9.23609 8.28074 9.70931 8.15965C10.1223 8.06452 10.4596 7.96938 10.7177 7.90883C11.5196 7.68396 12.1322 7.44006 12.5711 7.1806C13.132 6.83464 13.459 6.43506 13.5364 5.96802C12.9927 6.08911 12.4506 6.16695 11.8896 6.20154C11.5885 6.21884 11.1393 6.22749 10.5267 6.22749C9.99153 6.22749 9.57853 6.23614 9.28599 6.27073C8.83685 6.32263 8.39804 6.40912 7.97472 6.5648C7.49977 6.72567 7.07817 6.91594 6.69786 7.14081Z"
        fill="currentColor"
      />
    </svg>
  </div>
</div>
`;

exports[`Icon should render a muted icon 1`] = `
<div>
  <div
    class="cds-icon__svg--muted"
    style="width: 24px;"
  >
    <svg
      fill="none"
      role="img"
      viewBox="0 0 16 16"
      width="100%"
      xmlns="http://www.w3.org/2000/svg"
    >
      <title>
        Skippy
      </title>
      <path
        d="M4.37819 2.25418C4.25773 2.41851 4.17169 2.60014 4.12867 2.80079C4.06844 2.99972 4.06844 3.20729 4.12006 3.42525C4.16308 3.63282 4.25773 3.82309 4.37819 3.9978C4.50725 4.17078 4.66212 4.30051 4.86174 4.4216C5.05103 4.53403 5.24892 4.60323 5.47435 4.65512C5.70667 4.69836 5.9321 4.69836 6.17301 4.66377C6.39672 4.61187 6.61354 4.54268 6.81144 4.4216C6.99213 4.30916 7.1556 4.17078 7.28639 3.9978C7.41545 3.83347 7.49289 3.6432 7.53591 3.45119C7.58753 3.25227 7.59614 3.04469 7.54451 2.83539C7.50149 2.61917 7.41545 2.42889 7.28639 2.25418C7.15732 2.08986 6.99385 1.95147 6.80283 1.83039C6.61354 1.71795 6.41565 1.64011 6.19022 1.58822C5.95791 1.54497 5.72387 1.54497 5.49156 1.58822C5.25925 1.62281 5.05103 1.7093 4.85313 1.82174C4.66384 1.93244 4.50725 2.08121 4.37819 2.25418ZM4.28354 7.99013L4.03402 8.36204C4.22331 8.19771 4.5778 7.98149 5.07684 7.71164C5.4124 7.53001 6.23152 7.09584 7.53419 6.42987C8.51678 5.91786 9.32729 5.15675 9.95711 4.14137C10.1636 3.81272 10.3443 3.47368 10.4923 3.11907C10.5783 2.9115 10.6472 2.72987 10.6902 2.58111C10.7074 2.52057 10.716 2.40813 10.716 2.26975C10.7246 2.11407 10.716 1.95839 10.6988 1.83731C10.6816 1.68163 10.6558 1.57784 10.6127 1.52595C10.5611 1.47405 10.5009 1.5 10.4407 1.60379C9.98293 2.23689 9.44087 2.83366 8.80244 3.38027C8.12099 3.95283 7.37071 4.44582 6.54299 4.87134C5.50877 5.38336 4.66384 5.91959 3.9996 6.47485C3.34397 7.01281 2.73996 7.67877 2.18069 8.46755C2.11185 8.57134 2.05162 8.70972 2 8.9C2.08604 8.83946 2.18929 8.82216 2.31835 8.83946L2.12046 9.23731L2.43881 8.97784C2.54206 8.89135 2.63671 8.83081 2.73135 8.80486L2.65391 9.08163C2.86041 8.87405 3.13747 8.67513 3.45582 8.46582L3.34397 8.74259C3.49024 8.59556 3.63651 8.46582 3.78278 8.36204L4.28354 7.99013ZM6.69786 7.14081C6.3537 7.33974 6.04223 7.55596 5.7669 7.79986C5.25753 8.24268 4.83593 8.80486 4.50037 9.4812C4.1648 10.097 3.90496 10.8668 3.69846 11.7957C3.60381 12.2385 3.54358 12.6536 3.52638 13.0515L3.75008 12.7401C3.68125 13.1553 3.63823 13.6154 3.62963 14.1101C3.73287 13.9285 3.80171 13.8074 3.85333 13.7382L3.82752 14.9335L4.31968 13.7382C4.35409 13.842 4.37991 13.9544 4.41432 14.0841C4.71547 13.3819 4.97531 12.8024 5.20763 12.3423C5.43994 11.8493 5.68257 11.4151 5.91489 11.0432C6.13859 10.6713 6.39844 10.3063 6.67377 9.96035C6.92329 9.64899 7.24337 9.27536 7.63055 8.86886C7.69939 8.77372 8.1055 8.5921 8.13131 8.58345C8.3034 8.52291 8.5185 8.45372 8.79555 8.38452C8.92462 8.34993 9.23609 8.28074 9.70931 8.15965C10.1223 8.06452 10.4596 7.96938 10.7177 7.90883C11.5196 7.68396 12.1322 7.44006 12.5711 7.1806C13.132 6.83464 13.459 6.43506 13.5364 5.96802C12.9927 6.08911 12.4506 6.16695 11.8896 6.20154C11.5885 6.21884 11.1393 6.22749 10.5267 6.22749C9.99153 6.22749 9.57853 6.23614 9.28599 6.27073C8.83685 6.32263 8.39804 6.40912 7.97472 6.5648C7.49977 6.72567 7.07817 6.91594 6.69786 7.14081Z"
        fill="currentColor"
      />
    </svg>
  </div>
</div>
`;

exports[`Icon should render with default props 1`] = `
<div>
  <div
    class="cds-icon__svg--default"
    style="width: 24px;"
  >
    <svg
      fill="none"
      role="img"
      viewBox="0 0 16 16"
      width="100%"
      xmlns="http://www.w3.org/2000/svg"
    >
      <title>
        Skippy
      </title>
      <path
        d="M4.37819 2.25418C4.25773 2.41851 4.17169 2.60014 4.12867 2.80079C4.06844 2.99972 4.06844 3.20729 4.12006 3.42525C4.16308 3.63282 4.25773 3.82309 4.37819 3.9978C4.50725 4.17078 4.66212 4.30051 4.86174 4.4216C5.05103 4.53403 5.24892 4.60323 5.47435 4.65512C5.70667 4.69836 5.9321 4.69836 6.17301 4.66377C6.39672 4.61187 6.61354 4.54268 6.81144 4.4216C6.99213 4.30916 7.1556 4.17078 7.28639 3.9978C7.41545 3.83347 7.49289 3.6432 7.53591 3.45119C7.58753 3.25227 7.59614 3.04469 7.54451 2.83539C7.50149 2.61917 7.41545 2.42889 7.28639 2.25418C7.15732 2.08986 6.99385 1.95147 6.80283 1.83039C6.61354 1.71795 6.41565 1.64011 6.19022 1.58822C5.95791 1.54497 5.72387 1.54497 5.49156 1.58822C5.25925 1.62281 5.05103 1.7093 4.85313 1.82174C4.66384 1.93244 4.50725 2.08121 4.37819 2.25418ZM4.28354 7.99013L4.03402 8.36204C4.22331 8.19771 4.5778 7.98149 5.07684 7.71164C5.4124 7.53001 6.23152 7.09584 7.53419 6.42987C8.51678 5.91786 9.32729 5.15675 9.95711 4.14137C10.1636 3.81272 10.3443 3.47368 10.4923 3.11907C10.5783 2.9115 10.6472 2.72987 10.6902 2.58111C10.7074 2.52057 10.716 2.40813 10.716 2.26975C10.7246 2.11407 10.716 1.95839 10.6988 1.83731C10.6816 1.68163 10.6558 1.57784 10.6127 1.52595C10.5611 1.47405 10.5009 1.5 10.4407 1.60379C9.98293 2.23689 9.44087 2.83366 8.80244 3.38027C8.12099 3.95283 7.37071 4.44582 6.54299 4.87134C5.50877 5.38336 4.66384 5.91959 3.9996 6.47485C3.34397 7.01281 2.73996 7.67877 2.18069 8.46755C2.11185 8.57134 2.05162 8.70972 2 8.9C2.08604 8.83946 2.18929 8.82216 2.31835 8.83946L2.12046 9.23731L2.43881 8.97784C2.54206 8.89135 2.63671 8.83081 2.73135 8.80486L2.65391 9.08163C2.86041 8.87405 3.13747 8.67513 3.45582 8.46582L3.34397 8.74259C3.49024 8.59556 3.63651 8.46582 3.78278 8.36204L4.28354 7.99013ZM6.69786 7.14081C6.3537 7.33974 6.04223 7.55596 5.7669 7.79986C5.25753 8.24268 4.83593 8.80486 4.50037 9.4812C4.1648 10.097 3.90496 10.8668 3.69846 11.7957C3.60381 12.2385 3.54358 12.6536 3.52638 13.0515L3.75008 12.7401C3.68125 13.1553 3.63823 13.6154 3.62963 14.1101C3.73287 13.9285 3.80171 13.8074 3.85333 13.7382L3.82752 14.9335L4.31968 13.7382C4.35409 13.842 4.37991 13.9544 4.41432 14.0841C4.71547 13.3819 4.97531 12.8024 5.20763 12.3423C5.43994 11.8493 5.68257 11.4151 5.91489 11.0432C6.13859 10.6713 6.39844 10.3063 6.67377 9.96035C6.92329 9.64899 7.24337 9.27536 7.63055 8.86886C7.69939 8.77372 8.1055 8.5921 8.13131 8.58345C8.3034 8.52291 8.5185 8.45372 8.79555 8.38452C8.92462 8.34993 9.23609 8.28074 9.70931 8.15965C10.1223 8.06452 10.4596 7.96938 10.7177 7.90883C11.5196 7.68396 12.1322 7.44006 12.5711 7.1806C13.132 6.83464 13.459 6.43506 13.5364 5.96802C12.9927 6.08911 12.4506 6.16695 11.8896 6.20154C11.5885 6.21884 11.1393 6.22749 10.5267 6.22749C9.99153 6.22749 9.57853 6.23614 9.28599 6.27073C8.83685 6.32263 8.39804 6.40912 7.97472 6.5648C7.49977 6.72567 7.07817 6.91594 6.69786 7.14081Z"
        fill="currentColor"
      />
    </svg>
  </div>
</div>
`;
